{
  "frontiers": 692,
  "rows": 26785,
  "unique_digests": 1652,
  "skipped_left_truncated_warm": 3100,
  "recent_gap_consistency": 0.9966031195840555,
  "max_req": 2057,
  "max_wall": 1789117420.5230706,
  "time_unit": "seconds",
  "label": "frontier wall_s to next demand wall_s",
  "bucket_edges_s": [
    2.0,
    5.0,
    10.0,
    20.0,
    60.0,
    180.0,
    600.0,
    1800.0,
    7200.0
  ]
}
[train] time_plus_age_events seed=41
  val=1.032631 epochs=80
[train] time_plus_age_events seed=42
  val=1.025855 epochs=80
[train] time_plus_age_events seed=43
  val=1.074193 epochs=80
[train] time_plus_age_events seed=44
  val=1.029337 epochs=80
[train] time_plus_age_events seed=45
  val=1.050429 epochs=80
[train] time_plus_age_events seed=46
  val=1.032824 epochs=80
[train] time_plus_age_events seed=47
  val=1.055609 epochs=80
[train] time_plus_age_events seed=48
  val=1.106024 epochs=80
[train] time_plus_age_events seed=49
  val=1.024337 epochs=80
[train] time_plus_age_events seed=50
  val=1.039301 epochs=80
[train] time_plus_idle_events seed=41
  val=1.032842 epochs=80
[train] time_plus_idle_events seed=42
  val=1.064734 epochs=80
[train] time_plus_idle_events seed=43
  val=1.395819 epochs=18
[train] time_plus_idle_events seed=44
  val=1.077793 epochs=80
[train] time_plus_idle_events seed=45
  val=1.091000 epochs=80
[train] time_plus_idle_events seed=46
  val=1.044563 epochs=80
[train] time_plus_idle_events seed=47
  val=1.114229 epochs=73
[train] time_plus_idle_events seed=48
  val=1.096892 epochs=80
[train] time_plus_idle_events seed=49
  val=1.064138 epochs=80
[train] time_plus_idle_events seed=50
  val=1.029065 epochs=80
[train] time_plus_recent_gap_events seed=41
  val=1.025667 epochs=80
[train] time_plus_recent_gap_events seed=42
  val=1.027704 epochs=80
[train] time_plus_recent_gap_events seed=43
  val=1.042743 epochs=80
[train] time_plus_recent_gap_events seed=44
  val=1.121794 epochs=80
[train] time_plus_recent_gap_events seed=45
  val=1.065638 epochs=69
[train] time_plus_recent_gap_events seed=46
  val=1.049412 epochs=80
[train] time_plus_recent_gap_events seed=47
  val=1.084582 epochs=80
[train] time_plus_recent_gap_events seed=48
  val=1.059321 epochs=80
[train] time_plus_recent_gap_events seed=49
  val=1.029275 epochs=80
[train] time_plus_recent_gap_events seed=50
  val=1.017824 epochs=80
[train] time_plus_gap_ewma_events seed=41
  val=1.023188 epochs=80
[train] time_plus_gap_ewma_events seed=42
  val=1.034370 epochs=80
[train] time_plus_gap_ewma_events seed=43
  val=1.092483 epochs=80
[train] time_plus_gap_ewma_events seed=44
  val=1.075112 epochs=80
[train] time_plus_gap_ewma_events seed=45
  val=1.068087 epochs=80
[train] time_plus_gap_ewma_events seed=46
  val=1.031840 epochs=80
[train] time_plus_gap_ewma_events seed=47
  val=1.055565 epochs=80
[train] time_plus_gap_ewma_events seed=48
  val=1.111920 epochs=80
[train] time_plus_gap_ewma_events seed=49
  val=1.042340 epochs=80
[train] time_plus_gap_ewma_events seed=50
  val=1.015554 epochs=80
[train] time_plus_gap_std_events seed=41
  val=1.061053 epochs=80
[train] time_plus_gap_std_events seed=42
  val=1.096243 epochs=78
[train] time_plus_gap_std_events seed=43
  val=1.107623 epochs=80
[train] time_plus_gap_std_events seed=44
  val=1.067210 epochs=80
[train] time_plus_gap_std_events seed=45
  val=1.110967 epochs=69
[train] time_plus_gap_std_events seed=46
  val=1.060526 epochs=80
[train] time_plus_gap_std_events seed=47
  val=1.081540 epochs=80
[train] time_plus_gap_std_events seed=48
  val=1.107297 epochs=80
[train] time_plus_gap_std_events seed=49
  val=1.057792 epochs=80
[train] time_plus_gap_std_events seed=50
  val=1.056417 epochs=80
[train] time_plus_event_gap_stats seed=41
  val=1.033150 epochs=80
[train] time_plus_event_gap_stats seed=42
  val=1.054456 epochs=80
[train] time_plus_event_gap_stats seed=43
  val=1.078116 epochs=80
[train] time_plus_event_gap_stats seed=44
  val=1.059647 epochs=80
[train] time_plus_event_gap_stats seed=45
  val=1.095746 epochs=69
[train] time_plus_event_gap_stats seed=46
  val=1.062453 epochs=80
[train] time_plus_event_gap_stats seed=47
  val=1.053327 epochs=73
[train] time_plus_event_gap_stats seed=48
  val=1.053938 epochs=80
[train] time_plus_event_gap_stats seed=49
  val=1.034083 epochs=80
[train] time_plus_event_gap_stats seed=50
  val=1.010885 epochs=80
[train] both_minus_age_events seed=41
  val=1.032422 epochs=80
[train] both_minus_age_events seed=42
  val=1.045672 epochs=80
[train] both_minus_age_events seed=43
  val=1.090448 epochs=80
[train] both_minus_age_events seed=44
  val=1.056242 epochs=80
[train] both_minus_age_events seed=45
  val=1.075776 epochs=80
[train] both_minus_age_events seed=46
  val=1.035619 epochs=80
[train] both_minus_age_events seed=47
  val=1.029351 epochs=80
[train] both_minus_age_events seed=48
  val=1.068212 epochs=80
[train] both_minus_age_events seed=49
  val=1.019057 epochs=80
[train] both_minus_age_events seed=50
  val=1.011825 epochs=80
[train] both_minus_idle_events seed=41
  val=1.038129 epochs=80
[train] both_minus_idle_events seed=42
  val=1.014323 epochs=80
[train] both_minus_idle_events seed=43
  val=1.075628 epochs=80
[train] both_minus_idle_events seed=44
  val=1.021535 epochs=80
[train] both_minus_idle_events seed=45
  val=1.039009 epochs=80
[train] both_minus_idle_events seed=46
  val=1.024581 epochs=80
[train] both_minus_idle_events seed=47
  val=1.039963 epochs=73
[train] both_minus_idle_events seed=48
  val=1.052458 epochs=80
[train] both_minus_idle_events seed=49
  val=1.011806 epochs=80
[train] both_minus_idle_events seed=50
  val=1.010021 epochs=80
[train] both_minus_event_gap_stats seed=41
  val=1.046014 epochs=80
[train] both_minus_event_gap_stats seed=42
  val=1.027748 epochs=80
[train] both_minus_event_gap_stats seed=43
  val=1.115183 epochs=80
[train] both_minus_event_gap_stats seed=44
  val=1.029329 epochs=80
[train] both_minus_event_gap_stats seed=45
  val=1.059424 epochs=80
[train] both_minus_event_gap_stats seed=46
  val=1.039222 epochs=80
[train] both_minus_event_gap_stats seed=47
  val=1.089154 epochs=73
[train] both_minus_event_gap_stats seed=48
  val=1.075845 epochs=80
[train] both_minus_event_gap_stats seed=49
  val=1.038266 epochs=80
[train] both_minus_event_gap_stats seed=50
  val=1.069915 epochs=80
[train] both_no_gap_present seed=41
  val=1.039184 epochs=80
[train] both_no_gap_present seed=42
  val=1.026073 epochs=80
[train] both_no_gap_present seed=43
  val=1.032657 epochs=80
[train] both_no_gap_present seed=44
  val=1.061103 epochs=80
[train] both_no_gap_present seed=45
  val=1.020385 epochs=80
[train] both_no_gap_present seed=46
  val=1.037202 epochs=80
[train] both_no_gap_present seed=47
  val=1.055883 epochs=73
[train] both_no_gap_present seed=48
  val=1.036314 epochs=80
[train] both_no_gap_present seed=49
  val=1.029365 epochs=80
[train] both_no_gap_present seed=50
  val=1.005532 epochs=80
experiments/feature_exp/runs/20260912_frontier_time_hazard_event_detail_v1/report.md
