{
  "frontiers": 692,
  "rows": 26785,
  "unique_digests": 1652,
  "skipped_left_truncated_warm": 3100,
  "recent_gap_consistency": 0.9966031195840555,
  "max_req": 2057,
  "max_wall": 1789117420.5230706,
  "time_unit": "seconds",
  "label": "frontier wall_s to next demand wall_s",
  "bucket_edges_s": [
    2.0,
    5.0,
    10.0,
    20.0,
    60.0,
    180.0,
    600.0,
    1800.0,
    7200.0
  ]
}
[train] both_minus_age_seconds seed=41
  val=1.031329 epochs=80
[train] both_minus_age_seconds seed=42
  val=1.037460 epochs=80
[train] both_minus_age_seconds seed=43
  val=1.024423 epochs=80
[train] both_minus_age_seconds seed=44
  val=1.035894 epochs=80
[train] both_minus_age_seconds seed=45
  val=1.039949 epochs=80
[train] both_minus_age_seconds seed=46
  val=1.038260 epochs=80
[train] both_minus_age_seconds seed=47
  val=1.033619 epochs=80
[train] both_minus_age_seconds seed=48
  val=1.016484 epochs=80
[train] both_minus_age_seconds seed=49
  val=1.029734 epochs=80
[train] both_minus_age_seconds seed=50
  val=1.017801 epochs=80
[train] both_minus_idle_seconds seed=41
  val=1.166535 epochs=80
[train] both_minus_idle_seconds seed=42
  val=1.117572 epochs=80
[train] both_minus_idle_seconds seed=43
  val=1.188428 epochs=80
[train] both_minus_idle_seconds seed=44
  val=1.268324 epochs=80
[train] both_minus_idle_seconds seed=45
  val=1.146918 epochs=80
[train] both_minus_idle_seconds seed=46
  val=1.123657 epochs=80
[train] both_minus_idle_seconds seed=47
  val=1.103118 epochs=80
[train] both_minus_idle_seconds seed=48
  val=1.233100 epochs=71
[train] both_minus_idle_seconds seed=49
  val=1.136693 epochs=80
[train] both_minus_idle_seconds seed=50
  val=1.217762 epochs=80
[train] both_minus_recent_gap_events seed=41
  val=1.013616 epochs=80
[train] both_minus_recent_gap_events seed=42
  val=1.010070 epochs=80
[train] both_minus_recent_gap_events seed=43
  val=1.092523 epochs=80
[train] both_minus_recent_gap_events seed=44
  val=1.025108 epochs=80
[train] both_minus_recent_gap_events seed=45
  val=1.023345 epochs=80
[train] both_minus_recent_gap_events seed=46
  val=1.006649 epochs=80
[train] both_minus_recent_gap_events seed=47
  val=1.023240 epochs=80
[train] both_minus_recent_gap_events seed=48
  val=1.071020 epochs=80
[train] both_minus_recent_gap_events seed=49
  val=1.009145 epochs=80
[train] both_minus_recent_gap_events seed=50
  val=1.019152 epochs=80
[train] both_minus_recent_gap_seconds seed=41
  val=1.037572 epochs=80
[train] both_minus_recent_gap_seconds seed=42
  val=1.006924 epochs=80
[train] both_minus_recent_gap_seconds seed=43
  val=1.047548 epochs=80
[train] both_minus_recent_gap_seconds seed=44
  val=1.048594 epochs=80
[train] both_minus_recent_gap_seconds seed=45
  val=1.073548 epochs=80
[train] both_minus_recent_gap_seconds seed=46
  val=1.011198 epochs=80
[train] both_minus_recent_gap_seconds seed=47
  val=1.022785 epochs=80
[train] both_minus_recent_gap_seconds seed=48
  val=1.059081 epochs=80
[train] both_minus_recent_gap_seconds seed=49
  val=1.016589 epochs=80
[train] both_minus_recent_gap_seconds seed=50
  val=1.007059 epochs=80
[train] both_minus_gap_ewma_events seed=41
  val=1.020702 epochs=80
[train] both_minus_gap_ewma_events seed=42
  val=1.012144 epochs=80
[train] both_minus_gap_ewma_events seed=43
  val=1.063020 epochs=80
[train] both_minus_gap_ewma_events seed=44
  val=1.025219 epochs=80
[train] both_minus_gap_ewma_events seed=45
  val=1.024325 epochs=80
[train] both_minus_gap_ewma_events seed=46
  val=1.017940 epochs=80
[train] both_minus_gap_ewma_events seed=47
  val=1.011552 epochs=80
[train] both_minus_gap_ewma_events seed=48
  val=1.071839 epochs=80
[train] both_minus_gap_ewma_events seed=49
  val=1.031396 epochs=80
[train] both_minus_gap_ewma_events seed=50
  val=1.009074 epochs=80
[train] both_minus_gap_ewma_seconds seed=41
  val=1.025680 epochs=80
[train] both_minus_gap_ewma_seconds seed=42
  val=1.017675 epochs=80
[train] both_minus_gap_ewma_seconds seed=43
  val=1.052851 epochs=80
[train] both_minus_gap_ewma_seconds seed=44
  val=1.017047 epochs=80
[train] both_minus_gap_ewma_seconds seed=45
  val=1.036556 epochs=80
[train] both_minus_gap_ewma_seconds seed=46
  val=1.023098 epochs=80
[train] both_minus_gap_ewma_seconds seed=47
  val=1.018681 epochs=80
[train] both_minus_gap_ewma_seconds seed=48
  val=1.052157 epochs=80
[train] both_minus_gap_ewma_seconds seed=49
  val=1.021250 epochs=80
[train] both_minus_gap_ewma_seconds seed=50
  val=1.012367 epochs=80
[train] both_minus_gap_std_events seed=41
  val=1.015277 epochs=80
[train] both_minus_gap_std_events seed=42
  val=1.015578 epochs=80
[train] both_minus_gap_std_events seed=43
  val=1.077668 epochs=80
[train] both_minus_gap_std_events seed=44
  val=1.046027 epochs=80
[train] both_minus_gap_std_events seed=45
  val=1.034370 epochs=80
[train] both_minus_gap_std_events seed=46
  val=1.004150 epochs=80
[train] both_minus_gap_std_events seed=47
  val=1.042996 epochs=73
[train] both_minus_gap_std_events seed=48
  val=1.037647 epochs=80
[train] both_minus_gap_std_events seed=49
  val=1.018078 epochs=80
[train] both_minus_gap_std_events seed=50
  val=1.017415 epochs=80
[train] both_minus_gap_std_seconds seed=41
  val=1.020443 epochs=80
[train] both_minus_gap_std_seconds seed=42
  val=1.013713 epochs=80
[train] both_minus_gap_std_seconds seed=43
  val=1.054424 epochs=80
[train] both_minus_gap_std_seconds seed=44
  val=1.006092 epochs=80
[train] both_minus_gap_std_seconds seed=45
  val=1.021390 epochs=80
[train] both_minus_gap_std_seconds seed=46
  val=1.011259 epochs=80
[train] both_minus_gap_std_seconds seed=47
  val=1.034525 epochs=73
[train] both_minus_gap_std_seconds seed=48
  val=1.044500 epochs=80
[train] both_minus_gap_std_seconds seed=49
  val=1.031197 epochs=77
[train] both_minus_gap_std_seconds seed=50
  val=1.010056 epochs=80
[train] both_minus_hits seed=41
  val=1.039575 epochs=80
[train] both_minus_hits seed=42
  val=1.051624 epochs=80
[train] both_minus_hits seed=43
  val=1.029054 epochs=80
[train] both_minus_hits seed=44
  val=1.021181 epochs=80
[train] both_minus_hits seed=45
  val=1.052037 epochs=80
[train] both_minus_hits seed=46
  val=1.012735 epochs=80
[train] both_minus_hits seed=47
  val=1.022586 epochs=80
[train] both_minus_hits seed=48
  val=1.008821 epochs=80
[train] both_minus_hits seed=49
  val=1.044522 epochs=80
[train] both_minus_hits seed=50
  val=1.044065 epochs=80
[train] both_minus_node_tokens seed=41
  val=1.084529 epochs=80
[train] both_minus_node_tokens seed=42
  val=1.081776 epochs=80
[train] both_minus_node_tokens seed=43
  val=1.106755 epochs=80
[train] both_minus_node_tokens seed=44
  val=1.080030 epochs=80
[train] both_minus_node_tokens seed=45
  val=1.097672 epochs=80
[train] both_minus_node_tokens seed=46
  val=1.091280 epochs=80
[train] both_minus_node_tokens seed=47
  val=1.075229 epochs=73
[train] both_minus_node_tokens seed=48
  val=1.082341 epochs=80
[train] both_minus_node_tokens seed=49
  val=1.070861 epochs=80
[train] both_minus_node_tokens seed=50
  val=1.069531 epochs=80
[train] both_minus_path_tokens seed=41
  val=1.113672 epochs=80
[train] both_minus_path_tokens seed=42
  val=1.031597 epochs=80
[train] both_minus_path_tokens seed=43
  val=1.116700 epochs=80
[train] both_minus_path_tokens seed=44
  val=1.046131 epochs=80
[train] both_minus_path_tokens seed=45
  val=1.083247 epochs=80
[train] both_minus_path_tokens seed=46
  val=1.051451 epochs=80
[train] both_minus_path_tokens seed=47
  val=1.040258 epochs=80
[train] both_minus_path_tokens seed=48
  val=1.065794 epochs=80
[train] both_minus_path_tokens seed=49
  val=1.034758 epochs=80
[train] both_minus_path_tokens seed=50
  val=1.022693 epochs=80
[train] both_minus_lru seed=41
  val=1.037106 epochs=80
[train] both_minus_lru seed=42
  val=1.008014 epochs=80
[train] both_minus_lru seed=43
  val=1.062065 epochs=80
[train] both_minus_lru seed=44
  val=1.024878 epochs=80
[train] both_minus_lru seed=45
  val=1.038267 epochs=80
[train] both_minus_lru seed=46
  val=1.026323 epochs=80
[train] both_minus_lru seed=47
  val=1.026657 epochs=80
[train] both_minus_lru seed=48
  val=1.037968 epochs=80
[train] both_minus_lru seed=49
  val=1.042619 epochs=80
[train] both_minus_lru seed=50
  val=1.009392 epochs=80
[train] both_minus_traffic seed=41
  val=1.049215 epochs=80
[train] both_minus_traffic seed=42
  val=1.058900 epochs=80
[train] both_minus_traffic seed=43
  val=1.074663 epochs=80
[train] both_minus_traffic seed=44
  val=1.030235 epochs=80
[train] both_minus_traffic seed=45
  val=1.046864 epochs=80
[train] both_minus_traffic seed=46
  val=1.063298 epochs=80
[train] both_minus_traffic seed=47
  val=1.049991 epochs=80
[train] both_minus_traffic seed=48
  val=1.061923 epochs=80
[train] both_minus_traffic seed=49
  val=1.049880 epochs=80
[train] both_minus_traffic seed=50
  val=1.076472 epochs=80
experiments/feature_exp/runs/20260912_frontier_time_hazard_individual_v1/report.md
