[warn] no manifest.json, skip hash check
[index] 572 sessions / 1970 turns from /share/dai-sys/zhoulongsheng/agentkv/experiments/evict_position/workload/workload.jsonl
[arrival] {"type": "waves", "horizon_s": 300.0, "n_waves": 9, "wave_width_s": 20.0, "wave_start_s": [0.0, 37.5, 75.0, 112.5, 150.0, 187.5, 225.0, 262.5, 280.0], "wave_class_counts": [{"openhands": 4, "request": 60}, {"openhands": 4, "request": 60}, {"openhands": 4, "request": 60}, {"openhands": 4, "request": 60}, {"openhands": 4, "request": 60}, {"openhands": 4, "request": 60}, {"openhands": 3, "request": 60}, {"openhands": 3, "request": 60}, {"openhands": 3, "request": 59}], "arrival_seed": 42, "classes": ["openhands", "request"]}
[ok] request s309 turn0 ttft=1466.217ms hit=0.0 e2e=7269.968ms
[ok] request s565 turn0 ttft=267.474ms hit=0.0 e2e=8785.217ms
[ok] openhands s448 turn0 ttft=3433.09ms hit=0.0 e2e=11956.783ms
[ok] request s144 turn0 ttft=2801.77ms hit=0.0 e2e=11324.83ms
[ok] request s206 turn0 ttft=2485.328ms hit=0.0 e2e=11011.899ms
[ok] request s547 turn0 ttft=2168.116ms hit=0.0 e2e=10694.374ms
[ok] request s400 turn0 ttft=1851.038ms hit=0.0 e2e=10376.927ms
[ok] request s143 turn0 ttft=1217.181ms hit=0.0 e2e=9742.795ms
[ok] request s191 turn0 ttft=2863.429ms hit=0.0 e2e=11388.752ms
[ok] request s124 turn0 ttft=583.183ms hit=0.0 e2e=9108.203ms
[ok] request s281 turn0 ttft=1535.781ms hit=0.0 e2e=10060.558ms
[ok] request s100 turn0 ttft=902.03ms hit=0.0 e2e=9426.578ms
[ok] request s362 turn0 ttft=1149.966ms hit=0.0 e2e=9850.566ms
[ok] request s521 turn0 ttft=4817.444ms hit=0.0 e2e=8580.585ms
[ok] request s44 turn0 ttft=4683.783ms hit=0.0 e2e=8264.336ms
[ok] request s288 turn0 ttft=2461.348ms hit=0.0 e2e=6048.136ms
[ok] request s113 turn0 ttft=2102.435ms hit=0.0 e2e=10809.908ms
[ok] request s180 turn0 ttft=2779.395ms hit=0.0 e2e=6365.59ms
[ok] request s223 turn0 ttft=3414.979ms hit=0.0 e2e=7000.874ms
[ok] request s522 turn0 ttft=3187.708ms hit=0.0 e2e=8905.976ms
[ok] request s228 turn0 ttft=3098.587ms hit=0.0 e2e=6684.474ms
[ok] request s507 turn0 ttft=1785.669ms hit=0.0 e2e=10493.859ms
[ok] request s495 turn0 ttft=3733.858ms hit=0.0 e2e=7319.772ms
[ok] request s9 turn0 ttft=2139.072ms hit=0.0 e2e=11129.35ms
[ok] request s401 turn0 ttft=754.257ms hit=0.0 e2e=9224.856ms
[ok] request s80 turn0 ttft=4052.739ms hit=0.0 e2e=7637.552ms
[ok] openhands s195 turn0 ttft=1070.781ms hit=0.224097 e2e=9542.534ms
[ok] request s182 turn0 ttft=4371.439ms hit=0.0 e2e=7956.324ms
[ok] request s397 turn0 ttft=2103.444ms hit=0.0 e2e=5421.406ms
[ok] request s160 turn0 ttft=1786.963ms hit=0.0 e2e=5104.756ms
[ok] request s326 turn0 ttft=329.535ms hit=0.0 e2e=3517.694ms
[ok] request s340 turn0 ttft=954.838ms hit=0.0 e2e=4153.028ms
[ok] request s158 turn0 ttft=1469.608ms hit=0.0 e2e=4788.076ms
[ok] request s233 turn0 ttft=2146.549ms hit=0.0 e2e=5740.692ms
[ok] openhands s512 turn0 ttft=1271.119ms hit=0.225208 e2e=4471.181ms
[ok] request s30 turn0 ttft=637.392ms hit=0.0 e2e=3836.772ms
[ok] request s222 turn0 ttft=150.455ms hit=0.0 e2e=3308.937ms
[ok] request s557 turn0 ttft=2206.183ms hit=0.0 e2e=7470.375ms
[ok] request s54 turn0 ttft=148.379ms hit=0.0 e2e=8131.576ms
[ok] request s491 turn0 ttft=1252.505ms hit=0.0 e2e=6838.072ms
[ok] openhands s448 turn1 ttft=2607.571ms hit=0.954386 e2e=8202.66ms
[ok] request s309 turn1 ttft=2270.357ms hit=0.0 e2e=7856.098ms
[ok] request s565 turn1 ttft=2027.058ms hit=0.0 e2e=7612.045ms
[ok] request s360 turn0 ttft=937.008ms hit=0.0 e2e=6521.832ms
[ok] request s144 turn1 ttft=2026.781ms hit=0.0 e2e=7611.441ms
[ok] request s400 turn1 ttft=2023.375ms hit=0.0 e2e=7607.889ms
[ok] request s135 turn0 ttft=621.287ms hit=0.0 e2e=6205.687ms
[ok] request s75 turn0 ttft=2526.512ms hit=0.0 e2e=8110.838ms
[ok] request s329 turn0 ttft=305.236ms hit=0.0 e2e=5892.616ms
[ok] request s247 turn0 ttft=1575.201ms hit=0.0 e2e=7162.65ms
[ok] request s547 turn1 ttft=2026.923ms hit=0.0 e2e=7614.36ms
[ok] request s501 turn0 ttft=1893.569ms hit=0.0 e2e=7481.003ms
[ok] request s362 turn1 ttft=2122.178ms hit=0.450308 e2e=5044.002ms
[ok] request s522 turn1 ttft=2112.321ms hit=0.0 e2e=5033.912ms
[ok] request s80 turn1 ttft=2111.707ms hit=0.0 e2e=5042.035ms
[ok] openhands s512 turn1 ttft=2375.473ms hit=0.948954 e2e=5602.889ms
[ok] request s186 turn0 ttft=3842.003ms hit=0.0 e2e=4713.065ms
[ok] request s418 turn0 ttft=2275.287ms hit=0.0 e2e=5666.642ms
[ok] request s160 turn1 ttft=2108.367ms hit=0.0 e2e=5040.71ms
[ok] request s113 turn1 ttft=2117.733ms hit=0.0 e2e=5050.216ms
[ok] openhands s449 turn0 ttft=4158.755ms hit=0.224884 e2e=5033.396ms
[ok] request s474 turn0 ttft=2417.948ms hit=0.0 e2e=5351.424ms
[ok] request s340 turn1 ttft=2108.182ms hit=0.0 e2e=5041.81ms
[ok] openhands s195 turn1 ttft=2407.641ms hit=0.988028 e2e=5641.228ms
[ok] request s44 turn1 ttft=2122.902ms hit=0.0 e2e=5057.589ms
[ok] request s223 turn1 ttft=2117.275ms hit=0.0 e2e=5052.195ms
[ok] request s521 turn1 ttft=2125.182ms hit=0.268625 e2e=5060.417ms
[ok] request s180 turn1 ttft=2119.429ms hit=0.0 e2e=5055.076ms
[ok] request s455 turn0 ttft=3522.512ms hit=0.0 e2e=4412.517ms
[ok] request s29 turn0 ttft=3010.126ms hit=0.0 e2e=3778.616ms
[ok] request s89 turn0 ttft=186.251ms hit=0.0 e2e=922.278ms
[ok] request s354 turn0 ttft=821.622ms hit=0.0 e2e=1557.398ms
[ok] request s318 turn0 ttft=2691.894ms hit=0.0 e2e=3462.648ms
[ok] request s252 turn0 ttft=1139.921ms hit=0.0 e2e=1876.16ms
[ok] request s173 turn0 ttft=1775.122ms hit=0.0 e2e=2511.318ms
[ok] request s550 turn0 ttft=2375.625ms hit=0.0 e2e=3147.204ms
[ok] request s37 turn0 ttft=3326.452ms hit=0.0 e2e=4100.538ms
[ok] request s91 turn0 ttft=506.144ms hit=0.0 e2e=1243.505ms
[ok] request s493 turn0 ttft=2093.267ms hit=0.0 e2e=2830.568ms
[ok] request s178 turn0 ttft=1460.528ms hit=0.0 e2e=2197.765ms
[ok] request s413 turn0 ttft=159.165ms hit=0.0 e2e=5107.159ms
[ok] request s354 turn1 ttft=3824.792ms hit=0.469509 e2e=4000.826ms
[ok] request s102 turn0 ttft=185.115ms hit=0.0 e2e=4966.038ms
[ok] request s362 turn2 ttft=3850.406ms hit=0.288045 e2e=4240.599ms
[ok] request s309 turn2 ttft=1851.11ms hit=0.0 e2e=4325.475ms
[ok] request s547 turn2 ttft=1843.999ms hit=0.596737 e2e=4318.224ms
[ok] request s247 turn1 ttft=1847.356ms hit=0.0 e2e=4321.522ms
[ok] openhands s448 turn2 ttft=2160.899ms hit=0.905137 e2e=4912.444ms
[ok] openhands s195 turn2 ttft=2332.802ms hit=0.944934 e2e=4812.25ms
[ok] openhands s512 turn2 ttft=2330.401ms hit=0.974496 e2e=4809.881ms
[ok] request s501 turn1 ttft=1844.312ms hit=0.0 e2e=4323.802ms
[ok] request s54 turn1 ttft=2150.539ms hit=0.0 e2e=4629.978ms
[ok] request s29 turn1 ttft=2002.638ms hit=0.0 e2e=4482.108ms
[ok] request s400 turn2 ttft=1853.607ms hit=0.0 e2e=4333.129ms
[ok] openhands s449 turn1 ttft=2338.727ms hit=0.923146 e2e=4818.306ms
[ok] request s329 turn1 ttft=1852.84ms hit=0.0 e2e=4332.479ms
[ok] request s113 turn2 ttft=3842.402ms hit=0.422442 e2e=4240.864ms
[ok] request s455 turn1 ttft=2125.725ms hit=0.0 e2e=4606.007ms
[ok] request s491 turn1 ttft=1858.832ms hit=0.0 e2e=4339.215ms
[ok] request s223 turn2 ttft=3832.339ms hit=0.52459 e2e=4240.862ms
[ok] request s180 turn2 ttft=3829.484ms hit=0.358042 e2e=4238.187ms
[ok] request s173 turn1 ttft=3828.029ms hit=0.0 e2e=4228.032ms
[ok] request s550 turn1 ttft=3817.681ms hit=0.286353 e2e=4227.179ms
[ok] request s44 turn2 ttft=3835.736ms hit=0.348774 e2e=4245.38ms
[ok] request s178 turn1 ttft=3817.213ms hit=0.0 e2e=4226.65ms
[ok] request s252 turn1 ttft=3822.312ms hit=0.0 e2e=4231.875ms
[ok] request s340 turn2 ttft=3839.574ms hit=0.0 e2e=4249.315ms
[ok] request s521 turn2 ttft=3835.677ms hit=0.507937 e2e=4244.702ms
[ok] request s44 turn3 ttft=2103.297ms hit=0.363121 e2e=2473.988ms
[ok] request s491 turn2 ttft=2111.821ms hit=0.350205 e2e=2484.211ms
[ok] request s400 turn3 ttft=2117.691ms hit=0.392037 e2e=2489.817ms
[ok] request s180 turn3 ttft=2108.839ms hit=0.593968 e2e=2480.699ms
[ok] openhands s448 turn3 ttft=323.102ms hit=0.968874 e2e=3080.846ms
[ok] openhands s195 turn3 ttft=2278.292ms hit=0.971935 e2e=3084.465ms
[ok] openhands s449 turn2 ttft=2430.654ms hit=0.983306 e2e=3081.63ms
[ok] request s413 turn1 ttft=2168.298ms hit=0.0 e2e=2818.981ms
[ok] request s455 turn2 ttft=2115.019ms hit=0.0 e2e=2497.668ms
[ok] request s354 turn2 ttft=2340.833ms hit=0.914286 e2e=2723.317ms
[ok] request s247 turn2 ttft=2125.187ms hit=0.0 e2e=2507.482ms
[ok] request s113 turn3 ttft=2118.266ms hit=0.485999 e2e=2500.41ms
[ok] openhands s512 turn3 ttft=2272.691ms hit=0.940024 e2e=3080.579ms
[ok] request s501 turn2 ttft=2122.484ms hit=0.0 e2e=2504.849ms
[ok] request s309 turn3 ttft=2131.012ms hit=0.51927 e2e=2512.762ms
[ok] request s547 turn3 ttft=2129.509ms hit=0.740741 e2e=2511.163ms
[ok] request s223 turn3 ttft=2127.466ms hit=0.320401 e2e=2498.939ms
[ok] request s521 turn3 ttft=2116.568ms hit=0.587965 e2e=2488.997ms
[ok] request s340 turn3 ttft=2119.685ms hit=0.0 e2e=2491.013ms
[ok] request s173 turn2 ttft=2124.143ms hit=0.466586 e2e=2496.418ms
[ok] request s178 turn2 ttft=2106.245ms hit=0.0 e2e=2493.215ms
[ok] openhands s195 turn4 ttft=473.48ms hit=0.977171 e2e=2895.983ms
[ok] openhands s512 turn4 ttft=363.64ms hit=0.910372 e2e=2785.919ms
[ok] openhands s449 turn3 ttft=477.563ms hit=0.946495 e2e=2899.577ms
[ok] openhands s448 turn4 ttft=467.88ms hit=0.71081 e2e=2906.26ms
[ok] request s173 turn3 ttft=2147.387ms hit=0.659227 e2e=3123.943ms
[ok] request s309 turn4 ttft=2152.486ms hit=0.609524 e2e=3129.308ms
[ok] request s44 turn4 ttft=2091.729ms hit=0.730177 e2e=3156.138ms
[ok] request s521 turn4 ttft=2150.987ms hit=0.745541 e2e=3131.673ms
[ok] request s491 turn3 ttft=2088.724ms hit=0.473198 e2e=3154.222ms
[ok] request s501 turn3 ttft=2155.305ms hit=0.0 e2e=3135.997ms
[ok] request s247 turn3 ttft=2158.449ms hit=0.395062 e2e=3138.931ms
[ok] request s354 turn3 ttft=2160.734ms hit=0.823813 e2e=3141.058ms
[ok] request s413 turn2 ttft=2162.802ms hit=0.328838 e2e=3142.907ms
[ok] request s178 turn3 ttft=2148.629ms hit=0.776935 e2e=3128.523ms
[ok] openhands s512 turn5 ttft=768.661ms hit=0.984102 e2e=1020.679ms
[ok] openhands s449 turn4 ttft=786.057ms hit=0.485852 e2e=1038.251ms
[ok] openhands s448 turn5 ttft=780.066ms hit=0.98594 e2e=1032.87ms
[ok] openhands s195 turn5 ttft=775.758ms hit=0.984973 e2e=1028.387ms
[ok] openhands s512 turn6 ttft=2120.092ms hit=0.842951 e2e=2862.613ms
[ok] openhands s449 turn5 ttft=2545.691ms hit=0.992861 e2e=2851.93ms
[ok] request s173 turn4 ttft=2171.62ms hit=0.757396 e2e=2482.435ms
[ok] request s44 turn5 ttft=2168.722ms hit=0.734577 e2e=2478.702ms
[ok] request s521 turn5 ttft=2166.676ms hit=0.497377 e2e=2476.337ms
[ok] request s413 turn3 ttft=2158.765ms hit=0.619605 e2e=2468.114ms
[ok] openhands s195 turn6 ttft=1977.904ms hit=0.842367 e2e=2284.404ms
[ok] openhands s448 turn6 ttft=2289.782ms hit=0.910608 e2e=2862.906ms
[ok] request s178 turn4 ttft=2157.564ms hit=0.483475 e2e=2467.106ms
[ok] request s501 turn4 ttft=2165.57ms hit=0.421053 e2e=2474.824ms
[ok] request s247 turn4 ttft=2164.133ms hit=0.634449 e2e=2473.127ms
[ok] request s354 turn4 ttft=2157.998ms hit=0.843956 e2e=2482.505ms
[ok] openhands s512 turn7 ttft=284.401ms hit=0.942959 e2e=525.98ms
[ok] openhands s449 turn6 ttft=372.307ms hit=0.927715 e2e=626.814ms
[ok] openhands s448 turn7 ttft=379.352ms hit=0.934232 e2e=621.752ms
[ok] request s98 turn0 ttft=598.634ms hit=0.0 e2e=645.451ms
[ok] request s82 turn0 ttft=2184.433ms hit=0.0 e2e=2414.896ms
[ok] request s387 turn0 ttft=276.987ms hit=0.0 e2e=841.066ms
[ok] request s198 turn0 ttft=913.085ms hit=0.0 e2e=1477.825ms
[ok] openhands s512 turn8 ttft=2329.317ms hit=0.977351 e2e=5535.79ms
[ok] openhands s449 turn7 ttft=2653.734ms hit=0.916477 e2e=5528.262ms
[ok] openhands s66 turn0 ttft=3024.746ms hit=0.0 e2e=3702.866ms
[ok] request s555 turn0 ttft=2709.334ms hit=0.0 e2e=3387.088ms
[ok] request s104 turn0 ttft=2391.092ms hit=0.0 e2e=3070.17ms
[ok] request s377 turn0 ttft=1865.267ms hit=0.0 e2e=2434.865ms
[ok] openhands s448 turn8 ttft=2660.493ms hit=0.949404 e2e=5535.468ms
[ok] openhands s195 turn7 ttft=545.659ms hit=0.795423 e2e=1115.196ms
[ok] request s505 turn0 ttft=1232.035ms hit=0.0 e2e=1801.318ms
[ok] request s26 turn0 ttft=1549.823ms hit=0.0 e2e=2118.18ms
[ok] request s96 turn0 ttft=150.235ms hit=0.0 e2e=860.42ms
[ok] request s330 turn0 ttft=140.167ms hit=0.0 e2e=1404.173ms
[ok] request s387 turn1 ttft=245.557ms hit=0.0 e2e=828.755ms
[ok] request s377 turn1 ttft=356.399ms hit=0.0 e2e=827.197ms
[ok] openhands s512 turn9 ttft=347.002ms hit=0.97225 e2e=1426.797ms
[ok] openhands s195 turn8 ttft=460.166ms hit=0.985191 e2e=1408.392ms
[ok] openhands s449 turn8 ttft=597.082ms hit=0.978996 e2e=1421.475ms
[ok] openhands s66 turn1 ttft=580.208ms hit=0.963311 e2e=1404.275ms
[ok] request s108 turn0 ttft=499.522ms hit=0.0 e2e=1324.858ms
[ok] request s256 turn0 ttft=299.074ms hit=0.0 e2e=1007.596ms
[ok] openhands s448 turn9 ttft=466.908ms hit=0.970196 e2e=1415.541ms
[ok] request s198 turn1 ttft=243.394ms hit=0.0 e2e=834.316ms
[ok] request s562 turn0 ttft=223.695ms hit=0.0 e2e=690.02ms
[ok] request s26 turn1 ttft=354.733ms hit=0.0 e2e=828.2ms
[ok] request s509 turn0 ttft=138.305ms hit=0.0 e2e=1280.871ms
[ok] request s203 turn0 ttft=141.12ms hit=0.0 e2e=188.352ms
[ok] openhands s195 turn9 ttft=712.666ms hit=0.984426 e2e=1384.817ms
[ok] openhands s66 turn2 ttft=828.071ms hit=0.971274 e2e=1377.115ms
[ok] openhands s449 turn9 ttft=784.629ms hit=0.989757 e2e=1334.414ms
[ok] openhands s512 turn10 ttft=706.046ms hit=0.936882 e2e=1255.01ms
[ok] request s357 turn0 ttft=577.98ms hit=0.0 e2e=1128.738ms
[ok] request s311 turn0 ttft=262.858ms hit=0.0 e2e=810.78ms
[ok] openhands s448 turn10 ttft=708.384ms hit=0.970425 e2e=1384.981ms
[ok] request s562 turn1 ttft=241.875ms hit=0.0 e2e=789.73ms
[ok] openhands s260 turn0 ttft=769.913ms hit=0.0 e2e=1446.445ms
[ok] request s256 turn1 ttft=243.536ms hit=0.0 e2e=791.405ms
[ok] request s485 turn0 ttft=147.644ms hit=0.0 e2e=3168.858ms
[ok] request s199 turn0 ttft=1306.496ms hit=0.0 e2e=1897.436ms
[ok] openhands s195 turn10 ttft=2291.395ms hit=0.832771 e2e=3308.623ms
[ok] openhands s512 turn11 ttft=2552.407ms hit=0.914804 e2e=3290.765ms
[ok] openhands s260 turn1 ttft=2556.088ms hit=0.715043 e2e=3294.1ms
[ok] request s25 turn0 ttft=468.144ms hit=0.0 e2e=953.176ms
[ok] openhands s66 turn3 ttft=2711.462ms hit=0.95794 e2e=3309.862ms
[ok] request s544 turn0 ttft=672.99ms hit=0.0 e2e=1271.027ms
[ok] openhands s449 turn10 ttft=2646.104ms hit=0.990003 e2e=3243.818ms
[ok] request s564 turn0 ttft=2260.891ms hit=0.0 e2e=2858.322ms
[ok] openhands s448 turn11 ttft=2563.315ms hit=0.972536 e2e=3307.554ms
[ok] request s349 turn0 ttft=1625.79ms hit=0.0 e2e=2223.204ms
[ok] request s534 turn0 ttft=992.052ms hit=0.0 e2e=1589.185ms
[ok] request s562 turn2 ttft=2118.725ms hit=0.0 e2e=2715.601ms
[ok] request s450 turn0 ttft=2580.733ms hit=0.0 e2e=3177.366ms
[ok] request s311 turn1 ttft=2120.863ms hit=0.0 e2e=2717.244ms
[ok] request s551 turn0 ttft=1945.904ms hit=0.0 e2e=2542.054ms
[ok] request s161 turn0 ttft=155.525ms hit=0.0 e2e=637.769ms
[ok] request s19 turn0 ttft=133.969ms hit=0.0 e2e=878.674ms
[ok] openhands s195 turn11 ttft=558.448ms hit=0.878356 e2e=7461.544ms
[ok] openhands s449 turn11 ttft=627.686ms hit=0.986792 e2e=7449.472ms
[ok] openhands s66 turn4 ttft=630.346ms hit=0.909165 e2e=7452.916ms
[ok] request s426 turn0 ttft=632.378ms hit=0.0 e2e=7454.009ms
[ok] openhands s512 turn12 ttft=613.417ms hit=0.93827 e2e=7434.717ms
[ok] openhands s260 turn2 ttft=553.453ms hit=0.986233 e2e=7457.126ms
[ok] openhands s448 turn12 ttft=622.356ms hit=0.9766 e2e=7443.609ms
[ok] request s266 turn0 ttft=3210.826ms hit=0.0 e2e=6866.263ms
[ok] request s374 turn0 ttft=1623.15ms hit=0.0 e2e=5278.309ms
[ok] request s562 turn3 ttft=3243.962ms hit=0.0 e2e=6897.755ms
[ok] request s53 turn0 ttft=1942.802ms hit=0.0 e2e=5596.262ms
[ok] request s36 turn0 ttft=2260.924ms hit=0.0 e2e=5914.122ms
[ok] request s39 turn0 ttft=1309.409ms hit=0.0 e2e=4962.434ms
[ok] request s479 turn0 ttft=2578.272ms hit=0.0 e2e=6231.116ms
[ok] openhands s194 turn0 ttft=3343.399ms hit=0.0 e2e=7184.502ms
[ok] request s442 turn0 ttft=992.156ms hit=0.0 e2e=4645.131ms
[ok] request s284 turn0 ttft=675.615ms hit=0.0 e2e=4328.438ms
[ok] request s544 turn1 ttft=3249.1ms hit=0.0 e2e=6901.242ms
[ok] request s472 turn0 ttft=2898.708ms hit=0.0 e2e=6551.685ms
[ok] request s488 turn0 ttft=468.377ms hit=0.0 e2e=4011.683ms
[ok] request s25 turn1 ttft=3060.861ms hit=0.0 e2e=6903.406ms
[ok] request s199 turn1 ttft=3068.964ms hit=0.0 e2e=6911.35ms
[ok] request s551 turn1 ttft=3246.85ms hit=0.0 e2e=6900.355ms
[ok] request s73 turn0 ttft=158.158ms hit=0.0 e2e=3695.9ms
[ok] request s34 turn0 ttft=2553.84ms hit=0.0 e2e=6393.219ms
[ok] openhands s513 turn0 ttft=1659.167ms hit=0.0 e2e=5128.014ms
[ok] request s515 turn0 ttft=2185.159ms hit=0.0 e2e=5763.09ms
[ok] request s328 turn0 ttft=706.534ms hit=0.0 e2e=4175.325ms
[ok] request s10 turn0 ttft=1024.747ms hit=0.0 e2e=4493.251ms
[ok] request s351 turn0 ttft=1342.942ms hit=0.0 e2e=4811.205ms
[ok] request s394 turn0 ttft=1866.366ms hit=0.0 e2e=5446.31ms
[ok] request s5 turn0 ttft=2501.616ms hit=0.0 e2e=6081.291ms
[ok] request s412 turn0 ttft=391.431ms hit=0.0 e2e=3860.075ms
[ok] request s235 turn0 ttft=204.519ms hit=0.0 e2e=3551.598ms
[ok] request s147 turn0 ttft=138.969ms hit=0.0 e2e=3467.785ms
[ok] request s373 turn0 ttft=2213.9ms hit=0.0 e2e=2864.71ms
[ok] request s544 turn2 ttft=2213.833ms hit=0.0 e2e=3015.416ms
[ok] openhands s195 turn12 ttft=581.112ms hit=0.960207 e2e=3651.446ms
[ok] openhands s512 turn13 ttft=541.855ms hit=0.971969 e2e=3612.015ms
[ok] openhands s66 turn5 ttft=629.763ms hit=0.980316 e2e=3646.401ms
[ok] openhands s194 turn1 ttft=724.359ms hit=0.99717 e2e=3609.834ms
[ok] request s372 turn0 ttft=1597.463ms hit=0.0 e2e=2238.847ms
[ok] openhands s448 turn13 ttft=762.03ms hit=0.956382 e2e=3648.985ms
[ok] request s497 turn0 ttft=749.978ms hit=0.0 e2e=3509.693ms
[ok] openhands s260 turn3 ttft=554.8ms hit=0.922547 e2e=3631.754ms
[ok] request s39 turn1 ttft=2214.751ms hit=0.0 e2e=3025.879ms
[ok] request s537 turn0 ttft=1915.568ms hit=0.0 e2e=2558.612ms
[ok] request s36 turn1 ttft=2215.552ms hit=0.0 e2e=3028.147ms
[ok] openhands s449 turn12 ttft=806.417ms hit=0.95778 e2e=3567.784ms
[ok] request s438 turn0 ttft=433.494ms hit=0.0 e2e=3194.799ms
[ok] request s488 turn1 ttft=2211.735ms hit=0.0 e2e=3024.66ms
[ok] request s139 turn0 ttft=643.504ms hit=0.0 e2e=1293.117ms
[ok] request s202 turn0 ttft=1279.391ms hit=0.0 e2e=1928.772ms
[ok] request s112 turn0 ttft=327.112ms hit=0.0 e2e=976.493ms
[ok] request s316 turn0 ttft=963.639ms hit=0.0 e2e=1612.058ms
[ok] openhands s513 turn1 ttft=196.891ms hit=0.988337 e2e=1662.923ms
[ok] openhands s512 turn14 ttft=1057.385ms hit=0.988894 e2e=1062.662ms
[ok] openhands s448 turn14 ttft=1547.05ms hit=0.912369 e2e=1873.306ms
[ok] openhands s512 turn15 ttft=511.347ms hit=0.99543 e2e=837.518ms
[ok] request s394 turn1 ttft=1051.524ms hit=0.0 e2e=1892.258ms
[ok] openhands s194 turn2 ttft=1231.534ms hit=0.989462 e2e=1893.826ms
[ok] request s351 turn1 ttft=1237.773ms hit=0.0 e2e=1899.935ms
[ok] openhands s513 turn2 ttft=519.449ms hit=0.957009 e2e=852.237ms
[ok] request s5 turn1 ttft=1235.625ms hit=0.0 e2e=1898.132ms
[ok] request s515 turn1 ttft=1240.267ms hit=0.336842 e2e=1902.662ms
[ok] openhands s66 turn6 ttft=1013.317ms hit=0.984093 e2e=1862.664ms
[ok] request s537 turn1 ttft=982.235ms hit=0.482109 e2e=1315.822ms
[ok] request s316 turn1 ttft=975.552ms hit=0.0 e2e=1310.077ms
[ok] openhands s449 turn13 ttft=1379.934ms hit=0.982528 e2e=1871.915ms
[ok] request s412 turn1 ttft=1235.346ms hit=0.0 e2e=1899.573ms
[ok] openhands s260 turn4 ttft=1212.287ms hit=0.905718 e2e=1876.462ms
[ok] request s372 turn1 ttft=984.997ms hit=0.0 e2e=1320.488ms
[ok] request s112 turn1 ttft=974.676ms hit=0.0 e2e=1313.506ms
[ok] request s112 turn2 ttft=372.674ms hit=0.265285 e2e=673.345ms
[ok] openhands s448 turn15 ttft=622.269ms hit=0.985461 e2e=1276.765ms
[ok] openhands s513 turn3 ttft=684.136ms hit=0.809922 e2e=1247.88ms
[ok] openhands s194 turn3 ttft=955.993ms hit=0.973234 e2e=1264.016ms
[ok] openhands s260 turn5 ttft=929.063ms hit=0.930784 e2e=1237.004ms
[ok] openhands s512 turn16 ttft=962.524ms hit=0.990349 e2e=1273.8ms
[ok] request s394 turn2 ttft=384.749ms hit=0.683578 e2e=692.577ms
[ok] openhands s449 turn14 ttft=681.301ms hit=0.993177 e2e=1246.807ms
[ok] request s316 turn2 ttft=375.285ms hit=0.503937 e2e=683.536ms
[ok] openhands s66 turn7 ttft=742.501ms hit=0.984038 e2e=1050.692ms
[ok] request s351 turn2 ttft=379.893ms hit=0.229391 e2e=688.059ms
[ok] request s515 turn2 ttft=378.667ms hit=0.422442 e2e=686.83ms
[ok] request s394 turn3 ttft=312.752ms hit=0.448336 e2e=447.485ms
[ok] openhands s513 turn4 ttft=695.73ms hit=0.978875 e2e=1168.282ms
[ok] openhands s260 turn6 ttft=708.576ms hit=0.839566 e2e=1185.14ms
[ok] openhands s194 turn4 ttft=867.75ms hit=0.989247 e2e=1200.451ms
[ok] openhands s66 turn8 ttft=869.154ms hit=0.970371 e2e=1168.363ms
[ok] request s515 turn3 ttft=305.505ms hit=0.649746 e2e=604.502ms
[ok] openhands s449 turn15 ttft=502.425ms hit=0.988865 e2e=1181.605ms
[ok] request s351 turn3 ttft=308.257ms hit=0.532225 e2e=607.428ms
[ok] request s316 turn3 ttft=311.129ms hit=0.606923 e2e=609.618ms
[ok] openhands s448 turn16 ttft=530.832ms hit=0.996697 e2e=1242.164ms
[ok] openhands s194 turn5 ttft=456.664ms hit=0.989601 e2e=1119.91ms
[ok] openhands s513 turn5 ttft=764.201ms hit=0.948658 e2e=1095.416ms
[ok] openhands s66 turn9 ttft=773.848ms hit=0.971507 e2e=1108.66ms
[ok] openhands s448 turn17 ttft=776.189ms hit=0.976393 e2e=1081.253ms
[ok] request s394 turn4 ttft=382.99ms hit=0.434635 e2e=687.751ms
[ok] request s316 turn4 ttft=215.025ms hit=0.78921 e2e=519.515ms
[ok] openhands s260 turn7 ttft=635.766ms hit=0.850745 e2e=1104.632ms
[ok] request s351 turn4 ttft=217.524ms hit=0.704957 e2e=522.032ms
[ok] request s515 turn4 ttft=220.276ms hit=0.871242 e2e=524.569ms
[ok] openhands s194 turn6 ttft=453.012ms hit=0.988714 e2e=1109.518ms
[ok] openhands s448 turn18 ttft=670.209ms hit=0.969697 e2e=1080.092ms
[ok] openhands s513 turn6 ttft=674.287ms hit=0.924085 e2e=1087.111ms
[ok] openhands s66 turn10 ttft=806.325ms hit=0.86718 e2e=1098.049ms
[ok] request s394 turn5 ttft=232.218ms hit=0.763609 e2e=514.162ms
[ok] openhands s260 turn8 ttft=539.706ms hit=0.993043 e2e=1093.294ms
[ok] request s515 turn5 ttft=230.2ms hit=0.793388 e2e=512.167ms
[ok] openhands s448 turn19 ttft=469.321ms hit=0.96909 e2e=1343.44ms
[ok] openhands s513 turn7 ttft=474.249ms hit=0.947998 e2e=1323.104ms
[ok] openhands s260 turn9 ttft=702.089ms hit=0.938468 e2e=1331.031ms
[ok] openhands s194 turn7 ttft=987.955ms hit=0.881391 e2e=1265.801ms
[ok] request s515 turn6 ttft=466.843ms hit=0.0 e2e=745.527ms
[ok] openhands s66 turn11 ttft=486.127ms hit=0.980684 e2e=1337.085ms
[ok] openhands s448 turn20 ttft=1201.657ms hit=0.93027 e2e=1352.034ms
[ok] openhands s260 turn10 ttft=1064.749ms hit=0.818811 e2e=1375.399ms
[ok] openhands s513 turn8 ttft=1087.567ms hit=0.956201 e2e=1370.849ms
[ok] openhands s66 turn12 ttft=993.166ms hit=0.961252 e2e=1276.142ms
[ok] request s515 turn7 ttft=518.881ms hit=0.0 e2e=803.146ms
[ok] openhands s194 turn8 ttft=790.343ms hit=0.971612 e2e=1394.132ms
