{
  "frontiers": 692,
  "rows": 26785,
  "unique_digests": 1652,
  "skipped_left_truncated_warm": 3100,
  "recent_gap_consistency": 0.9966031195840555,
  "max_req": 2057,
  "max_wall": 1789117420.5230706,
  "time_unit": "seconds",
  "label": "frontier wall_s to next demand wall_s",
  "bucket_edges_s": [
    2.0,
    5.0,
    10.0,
    20.0,
    60.0,
    180.0,
    600.0,
    1800.0,
    7200.0
  ]
}
[train] original16 seed=41
  val=1.173509 epochs=80
[train] original16 seed=42
  val=1.189541 epochs=80
[train] original16 seed=43
  val=1.211251 epochs=80
[train] original16 seed=44
  val=1.219451 epochs=80
[train] original16 seed=45
  val=1.176962 epochs=80
[train] original16 seed=46
  val=1.192401 epochs=80
[train] original16 seed=47
  val=1.192387 epochs=80
[train] original16 seed=48
  val=1.183570 epochs=80
[train] original16 seed=49
  val=1.184162 epochs=80
[train] original16 seed=50
  val=1.182970 epochs=80
[train] original_time16 seed=41
  val=1.099383 epochs=80
[train] original_time16 seed=42
  val=1.142018 epochs=80
[train] original_time16 seed=43
  val=1.136458 epochs=80
[train] original_time16 seed=44
  val=1.141985 epochs=80
[train] original_time16 seed=45
  val=1.117294 epochs=80
[train] original_time16 seed=46
  val=1.120848 epochs=80
[train] original_time16 seed=47
  val=1.119679 epochs=80
[train] original_time16 seed=48
  val=1.125157 epochs=80
[train] original_time16 seed=49
  val=1.123214 epochs=80
[train] original_time16 seed=50
  val=1.124406 epochs=80
[train] event_candidate11 seed=41
  val=1.197677 epochs=80
[train] event_candidate11 seed=42
  val=1.220187 epochs=58
[train] event_candidate11 seed=43
  val=1.285820 epochs=71
[train] event_candidate11 seed=44
  val=1.290385 epochs=35
[train] event_candidate11 seed=45
  val=1.273485 epochs=45
[train] event_candidate11 seed=46
  val=1.239577 epochs=51
[train] event_candidate11 seed=47
  val=1.218223 epochs=63
[train] event_candidate11 seed=48
  val=1.260164 epochs=71
[train] event_candidate11 seed=49
  val=1.261449 epochs=46
[train] event_candidate11 seed=50
  val=1.246883 epochs=43
[train] time_candidate11 seed=41
  val=1.050719 epochs=80
[train] time_candidate11 seed=42
  val=1.074142 epochs=80
[train] time_candidate11 seed=43
  val=1.101992 epochs=80
[train] time_candidate11 seed=44
  val=1.093449 epochs=80
[train] time_candidate11 seed=45
  val=1.100395 epochs=69
[train] time_candidate11 seed=46
  val=1.066178 epochs=80
[train] time_candidate11 seed=47
  val=1.113788 epochs=80
[train] time_candidate11 seed=48
  val=1.084635 epochs=80
[train] time_candidate11 seed=49
  val=1.048215 epochs=80
[train] time_candidate11 seed=50
  val=1.068440 epochs=80
[train] both_candidate16 seed=41
  val=1.030824 epochs=80
[train] both_candidate16 seed=42
  val=1.018432 epochs=80
[train] both_candidate16 seed=43
  val=1.049785 epochs=80
[train] both_candidate16 seed=44
  val=1.013526 epochs=80
[train] both_candidate16 seed=45
  val=1.035295 epochs=80
[train] both_candidate16 seed=46
  val=1.017107 epochs=80
[train] both_candidate16 seed=47
  val=1.021823 epochs=80
[train] both_candidate16 seed=48
  val=1.053632 epochs=80
[train] both_candidate16 seed=49
  val=1.009912 epochs=80
[train] both_candidate16 seed=50
  val=1.000853 epochs=80
[train] only_event_history seed=41
  val=1.482626 epochs=69
[train] only_event_history seed=42
  val=1.520107 epochs=58
[train] only_event_history seed=43
  val=1.562810 epochs=37
[train] only_event_history seed=44
  val=1.536096 epochs=30
[train] only_event_history seed=45
  val=1.626382 epochs=18
[train] only_event_history seed=46
  val=1.605085 epochs=17
[train] only_event_history seed=47
  val=1.562376 epochs=18
[train] only_event_history seed=48
  val=1.512036 epochs=71
[train] only_event_history seed=49
  val=1.574006 epochs=18
[train] only_event_history seed=50
  val=1.591490 epochs=17
[train] only_time_history seed=41
  val=1.227735 epochs=80
[train] only_time_history seed=42
  val=1.230352 epochs=80
[train] only_time_history seed=43
  val=1.501411 epochs=18
[train] only_time_history seed=44
  val=1.214717 epochs=80
[train] only_time_history seed=45
  val=1.463977 epochs=18
[train] only_time_history seed=46
  val=1.216375 epochs=80
[train] only_time_history seed=47
  val=1.502844 epochs=18
[train] only_time_history seed=48
  val=1.507504 epochs=18
[train] only_time_history seed=49
  val=1.210562 epochs=80
[train] only_time_history seed=50
  val=1.222677 epochs=80
[train] only_family seed=41
  val=1.498169 epochs=77
[train] only_family seed=42
  val=1.486040 epochs=79
[train] only_family seed=43
  val=1.500434 epochs=50
[train] only_family seed=44
  val=1.508291 epochs=56
[train] only_family seed=45
  val=1.508015 epochs=44
[train] only_family seed=46
  val=1.502327 epochs=47
[train] only_family seed=47
  val=1.495798 epochs=62
[train] only_family seed=48
  val=1.498457 epochs=43
[train] only_family seed=49
  val=1.496287 epochs=48
[train] only_family seed=50
  val=1.497299 epochs=80
[train] only_lru seed=41
  val=1.606235 epochs=39
[train] only_lru seed=42
  val=1.605310 epochs=45
[train] only_lru seed=43
  val=1.605497 epochs=42
[train] only_lru seed=44
  val=1.605152 epochs=39
[train] only_lru seed=45
  val=1.605112 epochs=38
[train] only_lru seed=46
  val=1.607415 epochs=36
[train] only_lru seed=47
  val=1.605402 epochs=35
[train] only_lru seed=48
  val=1.605137 epochs=39
[train] only_lru seed=49
  val=1.605674 epochs=48
[train] only_lru seed=50
  val=1.603942 epochs=44
[train] only_sizes seed=41
  val=1.531157 epochs=26
[train] only_sizes seed=42
  val=1.560030 epochs=27
[train] only_sizes seed=43
  val=1.550642 epochs=27
[train] only_sizes seed=44
  val=1.553638 epochs=26
[train] only_sizes seed=45
  val=1.540060 epochs=26
[train] only_sizes seed=46
  val=1.552237 epochs=21
[train] only_sizes seed=47
  val=1.542123 epochs=28
[train] only_sizes seed=48
  val=1.555730 epochs=26
[train] only_sizes seed=49
  val=1.545125 epochs=27
[train] only_sizes seed=50
  val=1.558969 epochs=26
[train] time_minus_sizes seed=41
  val=1.140694 epochs=80
[train] time_minus_sizes seed=42
  val=1.185681 epochs=78
[train] time_minus_sizes seed=43
  val=1.446447 epochs=18
[train] time_minus_sizes seed=44
  val=1.127306 epochs=80
[train] time_minus_sizes seed=45
  val=1.152859 epochs=80
[train] time_minus_sizes seed=46
  val=1.115834 epochs=80
[train] time_minus_sizes seed=47
  val=1.198686 epochs=80
[train] time_minus_sizes seed=48
  val=1.140916 epochs=80
[train] time_minus_sizes seed=49
  val=1.122090 epochs=80
[train] time_minus_sizes seed=50
  val=1.119382 epochs=80
[train] time_minus_lru seed=41
  val=1.049984 epochs=80
[train] time_minus_lru seed=42
  val=1.080093 epochs=80
[train] time_minus_lru seed=43
  val=1.057605 epochs=80
[train] time_minus_lru seed=44
  val=1.060754 epochs=80
[train] time_minus_lru seed=45
  val=1.100580 epochs=69
[train] time_minus_lru seed=46
  val=1.061061 epochs=80
[train] time_minus_lru seed=47
  val=1.113949 epochs=80
[train] time_minus_lru seed=48
  val=1.102875 epochs=80
[train] time_minus_lru seed=49
  val=1.076542 epochs=80
[train] time_minus_lru seed=50
  val=1.050649 epochs=80
[train] time_minus_traffic seed=41
  val=1.065475 epochs=80
[train] time_minus_traffic seed=42
  val=1.177296 epochs=75
[train] time_minus_traffic seed=43
  val=1.113665 epochs=80
[train] time_minus_traffic seed=44
  val=1.100842 epochs=80
[train] time_minus_traffic seed=45
  val=1.108241 epochs=80
[train] time_minus_traffic seed=46
  val=1.088644 epochs=80
[train] time_minus_traffic seed=47
  val=1.129305 epochs=80
[train] time_minus_traffic seed=48
  val=1.117682 epochs=80
[train] time_minus_traffic seed=49
  val=1.077188 epochs=80
[train] time_minus_traffic seed=50
  val=1.077996 epochs=80
[train] time_minus_history seed=41
  val=1.327308 epochs=51
[train] time_minus_history seed=42
  val=1.337598 epochs=61
[train] time_minus_history seed=43
  val=1.323058 epochs=53
[train] time_minus_history seed=44
  val=1.331017 epochs=49
[train] time_minus_history seed=45
  val=1.328353 epochs=59
[train] time_minus_history seed=46
  val=1.334144 epochs=57
[train] time_minus_history seed=47
  val=1.326498 epochs=57
[train] time_minus_history seed=48
  val=1.331967 epochs=52
[train] time_minus_history seed=49
  val=1.328642 epochs=58
[train] time_minus_history seed=50
  val=1.333078 epochs=54
[train] time_no_gap_present seed=41
  val=1.043254 epochs=80
[train] time_no_gap_present seed=42
  val=1.053296 epochs=80
[train] time_no_gap_present seed=43
  val=1.081182 epochs=80
[train] time_no_gap_present seed=44
  val=1.059954 epochs=80
[train] time_no_gap_present seed=45
  val=1.051108 epochs=80
[train] time_no_gap_present seed=46
  val=1.043899 epochs=80
[train] time_no_gap_present seed=47
  val=1.151971 epochs=80
[train] time_no_gap_present seed=48
  val=1.111768 epochs=80
[train] time_no_gap_present seed=49
  val=1.066412 epochs=80
[train] time_no_gap_present seed=50
  val=1.062188 epochs=80
[train] time_plus_parent_hits seed=41
  val=1.030425 epochs=80
[train] time_plus_parent_hits seed=42
  val=1.062203 epochs=80
[train] time_plus_parent_hits seed=43
  val=1.064481 epochs=80
[train] time_plus_parent_hits seed=44
  val=1.036648 epochs=80
[train] time_plus_parent_hits seed=45
  val=1.070505 epochs=69
[train] time_plus_parent_hits seed=46
  val=1.026223 epochs=80
[train] time_plus_parent_hits seed=47
  val=1.065991 epochs=80
[train] time_plus_parent_hits seed=48
  val=1.042006 epochs=80
[train] time_plus_parent_hits seed=49
  val=1.047538 epochs=80
[train] time_plus_parent_hits seed=50
  val=1.032360 epochs=80
[train] time_plus_siblings seed=41
  val=1.027118 epochs=80
[train] time_plus_siblings seed=42
  val=1.100861 epochs=75
[train] time_plus_siblings seed=43
  val=1.074346 epochs=80
[train] time_plus_siblings seed=44
  val=1.063830 epochs=80
[train] time_plus_siblings seed=45
  val=1.067249 epochs=80
[train] time_plus_siblings seed=46
  val=1.065804 epochs=80
[train] time_plus_siblings seed=47
  val=1.116223 epochs=80
[train] time_plus_siblings seed=48
  val=1.133624 epochs=71
[train] time_plus_siblings seed=49
  val=1.056959 epochs=80
[train] time_plus_siblings seed=50
  val=1.050546 epochs=80
[train] time_plus_warm_sibling_fraction seed=41
  val=1.041869 epochs=80
[train] time_plus_warm_sibling_fraction seed=42
  val=1.067379 epochs=80
[train] time_plus_warm_sibling_fraction seed=43
  val=1.067429 epochs=80
[train] time_plus_warm_sibling_fraction seed=44
  val=1.055600 epochs=80
[train] time_plus_warm_sibling_fraction seed=45
  val=1.050781 epochs=80
[train] time_plus_warm_sibling_fraction seed=46
  val=1.039923 epochs=80
[train] time_plus_warm_sibling_fraction seed=47
  val=1.103755 epochs=80
[train] time_plus_warm_sibling_fraction seed=48
  val=1.114213 epochs=80
[train] time_plus_warm_sibling_fraction seed=49
  val=1.055764 epochs=80
[train] time_plus_warm_sibling_fraction seed=50
  val=1.060791 epochs=80
[train] time_plus_owner_turn seed=41
  val=1.040091 epochs=80
[train] time_plus_owner_turn seed=42
  val=1.122084 epochs=65
[train] time_plus_owner_turn seed=43
  val=1.223962 epochs=53
[train] time_plus_owner_turn seed=44
  val=1.075469 epochs=80
[train] time_plus_owner_turn seed=45
  val=1.095465 epochs=80
[train] time_plus_owner_turn seed=46
  val=1.064155 epochs=80
[train] time_plus_owner_turn seed=47
  val=1.144913 epochs=76
[train] time_plus_owner_turn seed=48
  val=1.125183 epochs=80
[train] time_plus_owner_turn seed=49
  val=1.057347 epochs=80
[train] time_plus_owner_turn seed=50
  val=1.015892 epochs=80
[train] time_plus_swa seed=41
  val=1.067752 epochs=80
[train] time_plus_swa seed=42
  val=1.107239 epochs=75
[train] time_plus_swa seed=43
  val=1.101344 epochs=80
[train] time_plus_swa seed=44
  val=1.072876 epochs=80
[train] time_plus_swa seed=45
  val=1.080031 epochs=80
[train] time_plus_swa seed=46
  val=1.077963 epochs=80
[train] time_plus_swa seed=47
  val=1.084695 epochs=80
[train] time_plus_swa seed=48
  val=1.098878 epochs=80
[train] time_plus_swa seed=49
  val=1.081444 epochs=80
[train] time_plus_swa seed=50
  val=1.051196 epochs=80
[train] time_plus_is_cold seed=41
  val=1.054692 epochs=80
[train] time_plus_is_cold seed=42
  val=1.056305 epochs=80
[train] time_plus_is_cold seed=43
  val=1.074291 epochs=80
[train] time_plus_is_cold seed=44
  val=1.066201 epochs=80
[train] time_plus_is_cold seed=45
  val=1.114054 epochs=69
[train] time_plus_is_cold seed=46
  val=1.052073 epochs=80
[train] time_plus_is_cold seed=47
  val=1.089132 epochs=80
[train] time_plus_is_cold seed=48
  val=1.086250 epochs=80
[train] time_plus_is_cold seed=49
  val=1.037074 epochs=80
[train] time_plus_is_cold seed=50
  val=1.045924 epochs=80
experiments/feature_exp/runs/20260912_frontier_time_hazard_v1/report.md
